QA output created by 018
<W> erofs: EXPERIMENTAL MicroLZMA feature in use. Use at your own risk!
<W> erofs: Note that it may take more time since the compressor is still single-threaded for now.
Silence is golden
