QA output created by 002
No buffer space available
test
Silence is golden
