QA output created by 006
can't read superblock
Silence is golden
