QA output created by 007
can't read superblock
Silence is golden
